[1G[0K⠙[1G[0KStarting project at /Users/vishn/Downloads/Thandra/thandra-app-repo
Starting Metro Bundler

Tunnel connected.
Tunnel ready.
▄▄▄▄▄▄▄▄▄▄▄▄▄▄▄▄▄▄▄▄▄▄▄▄▄▄▄▄▄▄▄
█ ▄▄▄▄▄ █▀ █▀▀█▀▀▄▀▀▄ █ ▄▄▄▄▄ █
█ █   █ █▀ ▄ █▀ ▀▀▀▀█ █ █   █ █
█ █▄▄▄█ █▀█ █▄▀█▀ ▄▄▄ █ █▄▄▄█ █
█▄▄▄▄▄▄▄█▄█▄█ █ ▀▄█▄▀ █▄▄▄▄▄▄▄█
█▄▄▄▄ ▀▄ ▄ ▄█▄▄ █▀ ▄ ▀▄▀ ▀▄▀▄▀█
█ █▄▀█ ▄█▄ ▀ ▄█▄ ▀█ █ ▄▄▄▀█▄ ██
██ ▀▄▄ ▄▄▀ ▀▄▀▀█▄▀▄▄ ▀ ▀ ▀▀ ▄▀█
████▄  ▄▄ ▄▀█▀ ▄▄▀█ █▄█▄█▀▄▄▀██
█▀▄ ▄ ▄▄ ▀▄██▄█▄██ ▄  ▀▀ ▀▀ ▄ █
█ █▀   ▄ ▀ █ ▄█▀ ██ ▀▀▄█ █ ▄███
█▄█████▄▄ █▀▄▀▀▀▄ ▄▄▄ ▄▄▄  ▄▀▀█
█ ▄▄▄▄▄ █▄▄ █▀ ▄ ██▄  █▄█  ██▀█
█ █   █ █ █ █▄█▄█   ▀ ▄▄  █▄▀▀█
█ █▄▄▄█ █ █▄ ▄█▀  ▄▀▄ ▄ ▄  ▄ ██
█▄▄▄▄▄▄▄█▄█▄▄███▄█▄█▄█▄▄█▄▄▄███

› Scan the QR code above to open in Expo Go.
› Metro: exp://ucp_rsy-anonymous-8081.exp.direct

› Using Expo Go
› Press s │ switch to development build

› Press a │ open Android
› Press i │ open iOS simulator
› Press w │ open web

› Press j │ open debugger
› Press r │ reload app
› Press m │ toggle menu
› shift+m │ more tools
› Press o │ open project code in your editor

› Press ? │ show all commands

An update for expo is available: 57.0.21 → ~57.0.22
4 other packages may need updating. Run npx expo install --check for details.
Logs for your project will appear below. Press Ctrl+C to exit.
[?25l[36m?[39m [1m

It is recommended to log in with your Expo account before proceeding. 
Learn more: https://expo.fyi/unverified-app-expo-go
[22m [90m›[39m [90m- Use arrow-keys. Return to submit.[39m
[36m❯[39m   [36m[4mLog in[39m[24m[90m[39m
    Proceed anonymously[90m[39m
Tunnel connection has been closed. This is often related to intermittent connection issues between the dev server and ngrok. Restart the dev server to try connecting to ngrok again.
Check the Ngrok status page for outages: https://status.ngrok.com/
Tunnel connected.
Tunnel connection has been closed. This is often related to intermittent connection issues between the dev server and ngrok. Restart the dev server to try connecting to ngrok again.
Check the Ngrok status page for outages: https://status.ngrok.com/
Tunnel connected.
Tunnel connection has been closed. This is often related to intermittent connection issues between the dev server and ngrok. Restart the dev server to try connecting to ngrok again.
Check the Ngrok status page for outages: https://status.ngrok.com/
Tunnel connected.
Tunnel connection has been closed. This is often related to intermittent connection issues between the dev server and ngrok. Restart the dev server to try connecting to ngrok again.
Check the Ngrok status page for outages: https://status.ngrok.com/
Tunnel connected.
Tunnel connection has been closed. This is often related to intermittent connection issues between the dev server and ngrok. Restart the dev server to try connecting to ngrok again.
Check the Ngrok status page for outages: https://status.ngrok.com/
Tunnel connected.
Tunnel connection has been closed. This is often related to intermittent connection issues between the dev server and ngrok. Restart the dev server to try connecting to ngrok again.
Check the Ngrok status page for outages: https://status.ngrok.com/
Tunnel connected.
Tunnel connection has been closed. This is often related to intermittent connection issues between the dev server and ngrok. Restart the dev server to try connecting to ngrok again.
Check the Ngrok status page for outages: https://status.ngrok.com/
Tunnel connected.
Tunnel connection has been closed. This is often related to intermittent connection issues between the dev server and ngrok. Restart the dev server to try connecting to ngrok again.
Check the Ngrok status page for outages: https://status.ngrok.com/
Tunnel connected.
Tunnel connection has been closed. This is often related to intermittent connection issues between the dev server and ngrok. Restart the dev server to try connecting to ngrok again.
Check the Ngrok status page for outages: https://status.ngrok.com/
Tunnel connected.
Tunnel connection has been closed. This is often related to intermittent connection issues between the dev server and ngrok. Restart the dev server to try connecting to ngrok again.
Check the Ngrok status page for outages: https://status.ngrok.com/
Tunnel connected.
Tunnel connection has been closed. This is often related to intermittent connection issues between the dev server and ngrok. Restart the dev server to try connecting to ngrok again.
Check the Ngrok status page for outages: https://status.ngrok.com/
Tunnel connected.
[2K[1G[36m?[39m [1m

It is recommended to log in with your Expo account before proceeding. 
Learn more: https://expo.fyi/unverified-app-expo-go
[22m [90m›[39m [90m- Use arrow-keys. Return to submit.[39m
    Log in[90m[39m
[36m❯[39m   [36m[4mProceed anonymously[39m[24m[90m[39m
[2K[1G[32m✔[39m [1m

It is recommended to log in with your Expo account before proceeding. 
Learn more: https://expo.fyi/unverified-app-expo-go
[22m [90m›[39m Proceed anonymously
[?25hTunnel connection has been closed. This is often related to intermittent connection issues between the dev server and ngrok. Restart the dev server to try connecting to ngrok again.
Check the Ngrok status page for outages: https://status.ngrok.com/
Tunnel connected.
[?25l[36m?[39m [1m

It is recommended to log in with your Expo account before proceeding. 
Learn more: https://expo.fyi/unverified-app-expo-go
[22m [90m›[39m [90m- Use arrow-keys. Return to submit.[39m
[36m❯[39m   [36m[4mLog in[39m[24m[90m[39m
    Proceed anonymously[90m[39m
[2K[1G[32m✔[39m [1m

It is recommended to log in with your Expo account before proceeding. 
Learn more: https://expo.fyi/unverified-app-expo-go
[22m [90m›[39m Log in
[?25h
Log in to EAS with email or username (exit and run 'npx expo login --help' for other login options)
[2K[1G[36m?[39m [1mEmail or username[22m [90m›[39m 78